tests/test_dir/foo: X Permission denied
tests/test_dir/world: Y 1
tests/test_dir/cat: Y 2
tests/test_dir/dog: X Permission denied
hello
