tests/test_dir/cat: Y 1
tests/test_dir/world: Y 2
2: Y
cat_1   1
