tests/test_dir/cat: Y 1
tests/test_dir/world: Y 2
2: Y
1: Y
